23:28:05 **** Incremental Build of configuration Debug for project stm32_drivers ****
make -j8 all 
arm-none-eabi-gcc "../Src/i2c.c" -mcpu=cortex-m4 -std=gnu11 -g3 -DDEBUG -DNUCLEO_F401RE -DSTM32 -DSTM32F401RETx -DSTM32F4 -c -I../Inc -O0 -ffunction-sections -fdata-sections -Wall -fstack-usage -fcyclomatic-complexity -MMD -MP -MF"Src/i2c.d" -MT"Src/i2c.o" --specs=nano.specs -mfpu=fpv4-sp-d16 -mfloat-abi=hard -mthumb -o "Src/i2c.o"
arm-none-eabi-gcc -o "stm32_drivers.elf" @"objects.list"   -mcpu=cortex-m4 -T"C:\Users\ghass\Desktop\stm32-Nucleo-f401re-drivers\stm32_drivers\STM32F401RETX_FLASH.ld" --specs=nosys.specs -Wl,-Map="stm32_drivers.map" -Wl,--gc-sections -static --specs=nano.specs -mfpu=fpv4-sp-d16 -mfloat-abi=hard -mthumb -Wl,--start-group -lc -lm -Wl,--end-group
Finished building target: stm32_drivers.elf
 
arm-none-eabi-size   stm32_drivers.elf 
arm-none-eabi-objdump -h -S  stm32_drivers.elf  > "stm32_drivers.list"
   text	   data	    bss	    dec	    hex	filename
   1544	      8	   1600	   3152	    c50	stm32_drivers.elf
Finished building: default.size.stdout
 
Finished building: stm32_drivers.list
 
