20:24:17 **** Incremental Build of configuration Debug for project stm32-Nucleo-f401re-drivers ****
make -j8 all 
arm-none-eabi-gcc "../Src/spi.c" -mcpu=cortex-m4 -std=gnu11 -g3 -DDEBUG -DNUCLEO_F401RE -DSTM32 -DSTM32F401RETx -DSTM32F4 -c -I../Inc -O0 -ffunction-sections -fdata-sections -Wall -fstack-usage -fcyclomatic-complexity -MMD -MP -MF"Src/spi.d" -MT"Src/spi.o" --specs=nano.specs -mfpu=fpv4-sp-d16 -mfloat-abi=hard -mthumb -o "Src/spi.o"
arm-none-eabi-gcc -o "stm32-Nucleo-f401re-drivers.elf" @"objects.list"   -mcpu=cortex-m4 -T"C:\Users\ghass\Desktop\stm32-Nucleo-f401re-drivers\stm32-Nucleo-f401re-drivers\STM32F401RETX_FLASH.ld" --specs=nosys.specs -Wl,-Map="stm32-Nucleo-f401re-drivers.map" -Wl,--gc-sections -static --specs=nano.specs -mfpu=fpv4-sp-d16 -mfloat-abi=hard -mthumb -Wl,--start-group -lc -lm -Wl,--end-group
Finished building target: stm32-Nucleo-f401re-drivers.elf
 
arm-none-eabi-size   stm32-Nucleo-f401re-drivers.elf 
arm-none-eabi-objdump -h -S  stm32-Nucleo-f401re-drivers.elf  > "stm32-Nucleo-f401re-drivers.list"
   text	   data	    bss	    dec	    hex	filename
   1544	      8	   1600	   3152	    c50	stm32-Nucleo-f401re-drivers.elf
Finished building: default.size.stdout
 
Finished building: stm32-Nucleo-f401re-drivers.list
 

20:24:18 Build Finished. 0 errors, 0 warnings. (took 892ms)

